2026-06-14T17:43:15.512+05:30  INFO 119458 --- [backend] [main] c.carPooling.backend.BackendApplication  : Starting BackendApplication using Java 17.0.15 with PID 119458 (/home/shivanshkumar/projects/backend/backend/target/classes started by shivanshkumar in /home/shivanshkumar/projects/backend/backend)
2026-06-14T17:43:15.518+05:30 DEBUG 119458 --- [backend] [main] c.carPooling.backend.BackendApplication  : Running with Spring Boot v3.5.14, Spring v6.2.18
2026-06-14T17:43:15.519+05:30  INFO 119458 --- [backend] [main] c.carPooling.backend.BackendApplication  : No active profile set, falling back to 1 default profile: "default"
2026-06-14T17:43:16.076+05:30  INFO 119458 --- [backend] [main] .s.d.r.c.RepositoryConfigurationDelegate : Bootstrapping Spring Data JPA repositories in DEFAULT mode.
2026-06-14T17:43:16.123+05:30  INFO 119458 --- [backend] [main] .s.d.r.c.RepositoryConfigurationDelegate : Finished Spring Data repository scanning in 40 ms. Found 3 JPA repository interfaces.
2026-06-14T17:43:16.518+05:30  INFO 119458 --- [backend] [main] o.s.b.w.embedded.tomcat.TomcatWebServer  : Tomcat initialized with port 8089 (http)
2026-06-14T17:43:16.526+05:30  INFO 119458 --- [backend] [main] o.apache.catalina.core.StandardService   : Starting service [Tomcat]
2026-06-14T17:43:16.527+05:30  INFO 119458 --- [backend] [main] o.apache.catalina.core.StandardEngine    : Starting Servlet engine: [Apache Tomcat/10.1.54]
2026-06-14T17:43:16.558+05:30  INFO 119458 --- [backend] [main] o.a.c.c.C.[Tomcat].[localhost].[/]       : Initializing Spring embedded WebApplicationContext
2026-06-14T17:43:16.558+05:30  INFO 119458 --- [backend] [main] w.s.c.ServletWebServerApplicationContext : Root WebApplicationContext: initialization completed in 1004 ms
2026-06-14T17:43:16.647+05:30  INFO 119458 --- [backend] [main] o.hibernate.jpa.internal.util.LogHelper  : HHH000204: Processing PersistenceUnitInfo [name: default]
2026-06-14T17:43:16.693+05:30  INFO 119458 --- [backend] [main] org.hibernate.Version                    : HHH000412: Hibernate ORM core version 6.6.49.Final
2026-06-14T17:43:16.713+05:30  INFO 119458 --- [backend] [main] o.h.c.internal.RegionFactoryInitiator    : HHH000026: Second-level cache disabled
2026-06-14T17:43:16.875+05:30  INFO 119458 --- [backend] [main] o.s.o.j.p.SpringPersistenceUnitInfo      : No LoadTimeWeaver setup: ignoring JPA class transformer
2026-06-14T17:43:16.897+05:30  INFO 119458 --- [backend] [main] com.zaxxer.hikari.HikariDataSource       : HikariPool-1 - Starting...
2026-06-14T17:43:17.006+05:30  INFO 119458 --- [backend] [main] com.zaxxer.hikari.pool.HikariPool        : HikariPool-1 - Added connection com.mysql.cj.jdbc.ConnectionImpl@74bdfa0b
2026-06-14T17:43:17.007+05:30  INFO 119458 --- [backend] [main] com.zaxxer.hikari.HikariDataSource       : HikariPool-1 - Start completed.
2026-06-14T17:43:17.039+05:30  WARN 119458 --- [backend] [main] org.hibernate.orm.deprecation            : HHH90000025: MySQLDialect does not need to be specified explicitly using 'hibernate.dialect' (remove the property setting and it will be selected by default)
2026-06-14T17:43:17.050+05:30  INFO 119458 --- [backend] [main] org.hibernate.orm.connections.pooling    : HHH10001005: Database info:
	Database JDBC URL [Connecting through datasource 'HikariDataSource (HikariPool-1)']
	Database driver: undefined/unknown
	Database version: 8.0.46
	Autocommit mode: undefined/unknown
	Isolation level: undefined/unknown
	Minimum pool size: undefined/unknown
	Maximum pool size: undefined/unknown
2026-06-14T17:43:17.639+05:30  INFO 119458 --- [backend] [main] o.h.e.t.j.p.i.JtaPlatformInitiator       : HHH000489: No JTA platform available (set 'hibernate.transaction.jta.platform' to enable JTA platform integration)
2026-06-14T17:43:17.741+05:30  INFO 119458 --- [backend] [main] j.LocalContainerEntityManagerFactoryBean : Initialized JPA EntityManagerFactory for persistence unit 'default'
2026-06-14T17:43:17.931+05:30 DEBUG 119458 --- [backend] [main] c.c.backend.security.JwtAuthFilter       : Filter 'jwtAuthFilter' configured for use
2026-06-14T17:43:17.973+05:30  INFO 119458 --- [backend] [main] eAuthenticationProviderManagerConfigurer : Global AuthenticationManager configured with AuthenticationProvider bean with name authenticationProvider
2026-06-14T17:43:17.973+05:30  WARN 119458 --- [backend] [main] r$InitializeUserDetailsManagerConfigurer : Global AuthenticationManager configured with an AuthenticationProvider bean. UserDetailsService beans will not be used by Spring Security for automatically configuring username/password login. Consider removing the AuthenticationProvider bean. Alternatively, consider using the UserDetailsService in a manually instantiated DaoAuthenticationProvider. If the current configuration is intentional, to turn off this warning, increase the logging level of 'org.springframework.security.config.annotation.authentication.configuration.InitializeUserDetailsBeanManagerConfigurer' to ERROR
2026-06-14T17:43:18.041+05:30  WARN 119458 --- [backend] [main] JpaBaseConfiguration$JpaWebConfiguration : spring.jpa.open-in-view is enabled by default. Therefore, database queries may be performed during view rendering. Explicitly configure spring.jpa.open-in-view to disable this warning
2026-06-14T17:43:18.230+05:30 DEBUG 119458 --- [backend] [main] o.s.s.web.DefaultSecurityFilterChain     : Will secure any request with filters: DisableEncodeUrlFilter, WebAsyncManagerIntegrationFilter, SecurityContextHolderFilter, HeaderWriterFilter, LogoutFilter, JwtAuthFilter, RequestCacheAwareFilter, SecurityContextHolderAwareRequestFilter, AnonymousAuthenticationFilter, SessionManagementFilter, ExceptionTranslationFilter, AuthorizationFilter
2026-06-14T17:43:18.353+05:30  INFO 119458 --- [backend] [main] o.s.b.w.embedded.tomcat.TomcatWebServer  : Tomcat started on port 8089 (http) with context path '/'
2026-06-14T17:43:18.358+05:30  INFO 119458 --- [backend] [main] c.carPooling.backend.BackendApplication  : Started BackendApplication in 3.218 seconds (process running for 3.499)
2026-06-14T17:46:35.260+05:30  INFO 119458 --- [backend] [http-nio-8089-exec-1] o.a.c.c.C.[Tomcat].[localhost].[/]       : Initializing Spring DispatcherServlet 'dispatcherServlet'
2026-06-14T17:46:35.261+05:30  INFO 119458 --- [backend] [http-nio-8089-exec-1] o.s.web.servlet.DispatcherServlet        : Initializing Servlet 'dispatcherServlet'
2026-06-14T17:46:35.264+05:30  INFO 119458 --- [backend] [http-nio-8089-exec-1] o.s.web.servlet.DispatcherServlet        : Completed initialization in 1 ms
2026-06-14T17:46:35.282+05:30 DEBUG 119458 --- [backend] [http-nio-8089-exec-1] o.s.security.web.FilterChainProxy        : Securing POST /api/auth/login
2026-06-14T17:46:35.289+05:30 DEBUG 119458 --- [backend] [http-nio-8089-exec-1] o.s.s.w.a.AnonymousAuthenticationFilter  : Set SecurityContextHolder to anonymous SecurityContext
2026-06-14T17:46:35.292+05:30 DEBUG 119458 --- [backend] [http-nio-8089-exec-1] o.s.security.web.FilterChainProxy        : Secured POST /api/auth/login
2026-06-14T17:47:02.046+05:30 DEBUG 119458 --- [backend] [http-nio-8089-exec-3] s.s.w.f.HttpStatusRequestRejectedHandler : Rejecting request due to: The request was rejected because the URL contained a potentially malicious String "//"

org.springframework.security.web.firewall.RequestRejectedException: The request was rejected because the URL contained a potentially malicious String "//"
	at org.springframework.security.web.firewall.StrictHttpFirewall.rejectedBlocklistedUrls(StrictHttpFirewall.java:548) ~[spring-security-web-6.5.10.jar:6.5.10]
	at org.springframework.security.web.firewall.StrictHttpFirewall.getFirewalledRequest(StrictHttpFirewall.java:518) ~[spring-security-web-6.5.10.jar:6.5.10]
	at org.springframework.security.web.FilterChainProxy.doFilterInternal(FilterChainProxy.java:211) ~[spring-security-web-6.5.10.jar:6.5.10]
	at org.springframework.security.web.FilterChainProxy.doFilter(FilterChainProxy.java:191) ~[spring-security-web-6.5.10.jar:6.5.10]
	at org.springframework.web.filter.CompositeFilter$VirtualFilterChain.doFilter(CompositeFilter.java:113) ~[spring-web-6.2.18.jar:6.2.18]
	at org.springframework.web.filter.ServletRequestPathFilter.doFilter(ServletRequestPathFilter.java:52) ~[spring-web-6.2.18.jar:6.2.18]
	at org.springframework.web.filter.CompositeFilter$VirtualFilterChain.doFilter(CompositeFilter.java:113) ~[spring-web-6.2.18.jar:6.2.18]
	at org.springframework.web.filter.CompositeFilter.doFilter(CompositeFilter.java:74) ~[spring-web-6.2.18.jar:6.2.18]
	at org.springframework.security.config.annotation.web.configuration.WebSecurityConfiguration$CompositeFilterChainProxy.doFilter(WebSecurityConfiguration.java:319) ~[spring-security-config-6.5.10.jar:6.5.10]
	at org.springframework.web.filter.CompositeFilter$VirtualFilterChain.doFilter(CompositeFilter.java:113) ~[spring-web-6.2.18.jar:6.2.18]
	at org.springframework.web.servlet.handler.HandlerMappingIntrospector.lambda$createCacheFilter$4(HandlerMappingIntrospector.java:267) ~[spring-webmvc-6.2.18.jar:6.2.18]
	at org.springframework.web.filter.CompositeFilter$VirtualFilterChain.doFilter(CompositeFilter.java:113) ~[spring-web-6.2.18.jar:6.2.18]
	at org.springframework.web.filter.CompositeFilter.doFilter(CompositeFilter.java:74) ~[spring-web-6.2.18.jar:6.2.18]
	at org.springframework.security.config.annotation.web.configuration.WebMvcSecurityConfiguration$CompositeFilterChainProxy.doFilter(WebMvcSecurityConfiguration.java:240) ~[spring-security-config-6.5.10.jar:6.5.10]
	at org.springframework.web.filter.DelegatingFilterProxy.invokeDelegate(DelegatingFilterProxy.java:362) ~[spring-web-6.2.18.jar:6.2.18]
	at org.springframework.web.filter.DelegatingFilterProxy.doFilter(DelegatingFilterProxy.java:278) ~[spring-web-6.2.18.jar:6.2.18]
	at org.apache.catalina.core.ApplicationFilterChain.internalDoFilter(ApplicationFilterChain.java:162) ~[tomcat-embed-core-10.1.54.jar:10.1.54]
	at org.apache.catalina.core.ApplicationFilterChain.doFilter(ApplicationFilterChain.java:138) ~[tomcat-embed-core-10.1.54.jar:10.1.54]
	at org.springframework.web.filter.RequestContextFilter.doFilterInternal(RequestContextFilter.java:100) ~[spring-web-6.2.18.jar:6.2.18]
	at org.springframework.web.filter.OncePerRequestFilter.doFilter(OncePerRequestFilter.java:116) ~[spring-web-6.2.18.jar:6.2.18]
	at org.apache.catalina.core.ApplicationFilterChain.internalDoFilter(ApplicationFilterChain.java:162) ~[tomcat-embed-core-10.1.54.jar:10.1.54]
	at org.apache.catalina.core.ApplicationFilterChain.doFilter(ApplicationFilterChain.java:138) ~[tomcat-embed-core-10.1.54.jar:10.1.54]
	at org.springframework.web.filter.FormContentFilter.doFilterInternal(FormContentFilter.java:93) ~[spring-web-6.2.18.jar:6.2.18]
	at org.springframework.web.filter.OncePerRequestFilter.doFilter(OncePerRequestFilter.java:116) ~[spring-web-6.2.18.jar:6.2.18]
	at org.apache.catalina.core.ApplicationFilterChain.internalDoFilter(ApplicationFilterChain.java:162) ~[tomcat-embed-core-10.1.54.jar:10.1.54]
	at org.apache.catalina.core.ApplicationFilterChain.doFilter(ApplicationFilterChain.java:138) ~[tomcat-embed-core-10.1.54.jar:10.1.54]
	at org.springframework.web.filter.CharacterEncodingFilter.doFilterInternal(CharacterEncodingFilter.java:201) ~[spring-web-6.2.18.jar:6.2.18]
	at org.springframework.web.filter.OncePerRequestFilter.doFilter(OncePerRequestFilter.java:116) ~[spring-web-6.2.18.jar:6.2.18]
	at org.apache.catalina.core.ApplicationFilterChain.internalDoFilter(ApplicationFilterChain.java:162) ~[tomcat-embed-core-10.1.54.jar:10.1.54]
	at org.apache.catalina.core.ApplicationFilterChain.doFilter(ApplicationFilterChain.java:138) ~[tomcat-embed-core-10.1.54.jar:10.1.54]
	at org.apache.catalina.core.StandardWrapperValve.invoke(StandardWrapperValve.java:165) ~[tomcat-embed-core-10.1.54.jar:10.1.54]
	at org.apache.catalina.core.StandardContextValve.invoke(StandardContextValve.java:88) ~[tomcat-embed-core-10.1.54.jar:10.1.54]
	at org.apache.catalina.authenticator.AuthenticatorBase.invoke(AuthenticatorBase.java:492) ~[tomcat-embed-core-10.1.54.jar:10.1.54]
	at org.apache.catalina.core.StandardHostValve.invoke(StandardHostValve.java:113) ~[tomcat-embed-core-10.1.54.jar:10.1.54]
	at org.apache.catalina.valves.ErrorReportValve.invoke(ErrorReportValve.java:83) ~[tomcat-embed-core-10.1.54.jar:10.1.54]
	at org.apache.catalina.core.StandardEngineValve.invoke(StandardEngineValve.java:72) ~[tomcat-embed-core-10.1.54.jar:10.1.54]
	at org.apache.catalina.connector.CoyoteAdapter.service(CoyoteAdapter.java:342) ~[tomcat-embed-core-10.1.54.jar:10.1.54]
	at org.apache.coyote.http11.Http11Processor.service(Http11Processor.java:399) ~[tomcat-embed-core-10.1.54.jar:10.1.54]
	at org.apache.coyote.AbstractProcessorLight.process(AbstractProcessorLight.java:63) ~[tomcat-embed-core-10.1.54.jar:10.1.54]
	at org.apache.coyote.AbstractProtocol$ConnectionHandler.process(AbstractProtocol.java:903) ~[tomcat-embed-core-10.1.54.jar:10.1.54]
	at org.apache.tomcat.util.net.NioEndpoint$SocketProcessor.doRun(NioEndpoint.java:1797) ~[tomcat-embed-core-10.1.54.jar:10.1.54]
	at org.apache.tomcat.util.net.SocketProcessorBase.run(SocketProcessorBase.java:52) ~[tomcat-embed-core-10.1.54.jar:10.1.54]
	at org.apache.tomcat.util.threads.ThreadPoolExecutor.runWorker(ThreadPoolExecutor.java:973) ~[tomcat-embed-core-10.1.54.jar:10.1.54]
	at org.apache.tomcat.util.threads.ThreadPoolExecutor$Worker.run(ThreadPoolExecutor.java:491) ~[tomcat-embed-core-10.1.54.jar:10.1.54]
	at org.apache.tomcat.util.threads.TaskThread$WrappingRunnable.run(TaskThread.java:63) ~[tomcat-embed-core-10.1.54.jar:10.1.54]
	at java.base/java.lang.Thread.run(Thread.java:840) ~[na:na]

2026-06-14T17:47:02.059+05:30 DEBUG 119458 --- [backend] [http-nio-8089-exec-3] o.s.security.web.FilterChainProxy        : Securing POST /error
2026-06-14T17:47:02.059+05:30 DEBUG 119458 --- [backend] [http-nio-8089-exec-3] o.s.s.w.a.AnonymousAuthenticationFilter  : Set SecurityContextHolder to anonymous SecurityContext
2026-06-14T17:47:02.061+05:30 DEBUG 119458 --- [backend] [http-nio-8089-exec-3] o.s.s.w.a.Http403ForbiddenEntryPoint     : Pre-authenticated entry point called. Rejecting access
2026-06-14T17:47:56.268+05:30 DEBUG 119458 --- [backend] [http-nio-8089-exec-4] o.s.security.web.FilterChainProxy        : Securing POST /api/ride/preference
2026-06-14T17:47:56.307+05:30 DEBUG 119458 --- [backend] [http-nio-8089-exec-4] o.s.security.web.FilterChainProxy        : Secured POST /api/ride/preference
2026-06-14T17:47:56.314+05:30 DEBUG 119458 --- [backend] [http-nio-8089-exec-4] c.c.backend.controller.RideController    : Create PReference Response: CreatePreferenceRequest{preference_name='null'}
2026-06-14T17:47:56.326+05:30  WARN 119458 --- [backend] [http-nio-8089-exec-4] o.h.engine.jdbc.spi.SqlExceptionHelper   : SQL Error: 1048, SQLState: 23000
2026-06-14T17:47:56.327+05:30 ERROR 119458 --- [backend] [http-nio-8089-exec-4] o.h.engine.jdbc.spi.SqlExceptionHelper   : Column 'preference_name' cannot be null
2026-06-14T17:50:52.629+05:30  INFO 119458 --- [backend] [SpringApplicationShutdownHook] o.s.b.w.e.tomcat.GracefulShutdown        : Commencing graceful shutdown. Waiting for active requests to complete
2026-06-14T17:50:52.634+05:30  INFO 119458 --- [backend] [tomcat-shutdown] o.s.b.w.e.tomcat.GracefulShutdown        : Graceful shutdown complete
2026-06-14T17:50:52.643+05:30  INFO 119458 --- [backend] [SpringApplicationShutdownHook] j.LocalContainerEntityManagerFactoryBean : Closing JPA EntityManagerFactory for persistence unit 'default'
2026-06-14T17:50:52.646+05:30  INFO 119458 --- [backend] [SpringApplicationShutdownHook] com.zaxxer.hikari.HikariDataSource       : HikariPool-1 - Shutdown initiated...
2026-06-14T17:50:52.653+05:30  INFO 119458 --- [backend] [SpringApplicationShutdownHook] com.zaxxer.hikari.HikariDataSource       : HikariPool-1 - Shutdown completed.
2026-06-14T17:50:55.953+05:30  INFO 129391 --- [backend] [main] c.carPooling.backend.BackendApplication  : Starting BackendApplication using Java 17.0.15 with PID 129391 (/home/shivanshkumar/projects/backend/backend/target/classes started by shivanshkumar in /home/shivanshkumar/projects/backend/backend)
2026-06-14T17:50:55.955+05:30 DEBUG 129391 --- [backend] [main] c.carPooling.backend.BackendApplication  : Running with Spring Boot v3.5.14, Spring v6.2.18
2026-06-14T17:50:55.955+05:30  INFO 129391 --- [backend] [main] c.carPooling.backend.BackendApplication  : No active profile set, falling back to 1 default profile: "default"
2026-06-14T17:50:56.419+05:30  INFO 129391 --- [backend] [main] .s.d.r.c.RepositoryConfigurationDelegate : Bootstrapping Spring Data JPA repositories in DEFAULT mode.
2026-06-14T17:50:56.460+05:30  INFO 129391 --- [backend] [main] .s.d.r.c.RepositoryConfigurationDelegate : Finished Spring Data repository scanning in 35 ms. Found 3 JPA repository interfaces.
2026-06-14T17:50:56.859+05:30  INFO 129391 --- [backend] [main] o.s.b.w.embedded.tomcat.TomcatWebServer  : Tomcat initialized with port 8089 (http)
2026-06-14T17:50:56.866+05:30  INFO 129391 --- [backend] [main] o.apache.catalina.core.StandardService   : Starting service [Tomcat]
2026-06-14T17:50:56.867+05:30  INFO 129391 --- [backend] [main] o.apache.catalina.core.StandardEngine    : Starting Servlet engine: [Apache Tomcat/10.1.54]
2026-06-14T17:50:56.893+05:30  INFO 129391 --- [backend] [main] o.a.c.c.C.[Tomcat].[localhost].[/]       : Initializing Spring embedded WebApplicationContext
2026-06-14T17:50:56.893+05:30  INFO 129391 --- [backend] [main] w.s.c.ServletWebServerApplicationContext : Root WebApplicationContext: initialization completed in 898 ms
2026-06-14T17:50:56.968+05:30  INFO 129391 --- [backend] [main] o.hibernate.jpa.internal.util.LogHelper  : HHH000204: Processing PersistenceUnitInfo [name: default]
2026-06-14T17:50:57.001+05:30  INFO 129391 --- [backend] [main] org.hibernate.Version                    : HHH000412: Hibernate ORM core version 6.6.49.Final
2026-06-14T17:50:57.017+05:30  INFO 129391 --- [backend] [main] o.h.c.internal.RegionFactoryInitiator    : HHH000026: Second-level cache disabled
2026-06-14T17:50:57.144+05:30  INFO 129391 --- [backend] [main] o.s.o.j.p.SpringPersistenceUnitInfo      : No LoadTimeWeaver setup: ignoring JPA class transformer
2026-06-14T17:50:57.159+05:30  INFO 129391 --- [backend] [main] com.zaxxer.hikari.HikariDataSource       : HikariPool-1 - Starting...
2026-06-14T17:50:57.251+05:30  INFO 129391 --- [backend] [main] com.zaxxer.hikari.pool.HikariPool        : HikariPool-1 - Added connection com.mysql.cj.jdbc.ConnectionImpl@6f7a20da
2026-06-14T17:50:57.253+05:30  INFO 129391 --- [backend] [main] com.zaxxer.hikari.HikariDataSource       : HikariPool-1 - Start completed.
2026-06-14T17:50:57.278+05:30  WARN 129391 --- [backend] [main] org.hibernate.orm.deprecation            : HHH90000025: MySQLDialect does not need to be specified explicitly using 'hibernate.dialect' (remove the property setting and it will be selected by default)
2026-06-14T17:50:57.289+05:30  INFO 129391 --- [backend] [main] org.hibernate.orm.connections.pooling    : HHH10001005: Database info:
	Database JDBC URL [Connecting through datasource 'HikariDataSource (HikariPool-1)']
	Database driver: undefined/unknown
	Database version: 8.0.46
	Autocommit mode: undefined/unknown
	Isolation level: undefined/unknown
	Minimum pool size: undefined/unknown
	Maximum pool size: undefined/unknown
2026-06-14T17:50:57.743+05:30  INFO 129391 --- [backend] [main] o.h.e.t.j.p.i.JtaPlatformInitiator       : HHH000489: No JTA platform available (set 'hibernate.transaction.jta.platform' to enable JTA platform integration)
2026-06-14T17:50:57.799+05:30  INFO 129391 --- [backend] [main] j.LocalContainerEntityManagerFactoryBean : Initialized JPA EntityManagerFactory for persistence unit 'default'
2026-06-14T17:50:57.956+05:30 DEBUG 129391 --- [backend] [main] c.c.backend.security.JwtAuthFilter       : Filter 'jwtAuthFilter' configured for use
2026-06-14T17:50:57.992+05:30  INFO 129391 --- [backend] [main] eAuthenticationProviderManagerConfigurer : Global AuthenticationManager configured with AuthenticationProvider bean with name authenticationProvider
2026-06-14T17:50:57.993+05:30  WARN 129391 --- [backend] [main] r$InitializeUserDetailsManagerConfigurer : Global AuthenticationManager configured with an AuthenticationProvider bean. UserDetailsService beans will not be used by Spring Security for automatically configuring username/password login. Consider removing the AuthenticationProvider bean. Alternatively, consider using the UserDetailsService in a manually instantiated DaoAuthenticationProvider. If the current configuration is intentional, to turn off this warning, increase the logging level of 'org.springframework.security.config.annotation.authentication.configuration.InitializeUserDetailsBeanManagerConfigurer' to ERROR
2026-06-14T17:50:58.055+05:30  WARN 129391 --- [backend] [main] JpaBaseConfiguration$JpaWebConfiguration : spring.jpa.open-in-view is enabled by default. Therefore, database queries may be performed during view rendering. Explicitly configure spring.jpa.open-in-view to disable this warning
2026-06-14T17:50:58.213+05:30 DEBUG 129391 --- [backend] [main] o.s.s.web.DefaultSecurityFilterChain     : Will secure any request with filters: DisableEncodeUrlFilter, WebAsyncManagerIntegrationFilter, SecurityContextHolderFilter, HeaderWriterFilter, LogoutFilter, JwtAuthFilter, RequestCacheAwareFilter, SecurityContextHolderAwareRequestFilter, AnonymousAuthenticationFilter, SessionManagementFilter, ExceptionTranslationFilter, AuthorizationFilter
2026-06-14T17:50:58.336+05:30  INFO 129391 --- [backend] [main] o.s.b.w.embedded.tomcat.TomcatWebServer  : Tomcat started on port 8089 (http) with context path '/'
2026-06-14T17:50:58.342+05:30  INFO 129391 --- [backend] [main] c.carPooling.backend.BackendApplication  : Started BackendApplication in 2.701 seconds (process running for 2.903)
2026-06-14T17:51:01.846+05:30  INFO 129391 --- [backend] [http-nio-8089-exec-2] o.a.c.c.C.[Tomcat].[localhost].[/]       : Initializing Spring DispatcherServlet 'dispatcherServlet'
2026-06-14T17:51:01.846+05:30  INFO 129391 --- [backend] [http-nio-8089-exec-2] o.s.web.servlet.DispatcherServlet        : Initializing Servlet 'dispatcherServlet'
2026-06-14T17:51:01.847+05:30  INFO 129391 --- [backend] [http-nio-8089-exec-2] o.s.web.servlet.DispatcherServlet        : Completed initialization in 1 ms
2026-06-14T17:51:01.857+05:30 DEBUG 129391 --- [backend] [http-nio-8089-exec-2] o.s.security.web.FilterChainProxy        : Securing POST /api/ride/preference
2026-06-14T17:51:02.018+05:30 DEBUG 129391 --- [backend] [http-nio-8089-exec-2] o.s.security.web.FilterChainProxy        : Secured POST /api/ride/preference
2026-06-14T17:51:02.036+05:30 DEBUG 129391 --- [backend] [http-nio-8089-exec-2] c.c.backend.controller.RideController    : Create PReference Response: CreatePreferenceRequest{preference_name='null'}
2026-06-14T17:51:02.040+05:30 DEBUG 129391 --- [backend] [http-nio-8089-exec-2] c.c.b.service.impl.RideServiceImpl       : Create preferedne request CreatePreferenceRequest{preference_name='null'}
2026-06-14T17:51:02.110+05:30  WARN 129391 --- [backend] [http-nio-8089-exec-2] o.h.engine.jdbc.spi.SqlExceptionHelper   : SQL Error: 1048, SQLState: 23000
2026-06-14T17:51:02.110+05:30 ERROR 129391 --- [backend] [http-nio-8089-exec-2] o.h.engine.jdbc.spi.SqlExceptionHelper   : Column 'preference_name' cannot be null
2026-06-14T18:00:00.509+05:30  INFO 129391 --- [backend] [SpringApplicationShutdownHook] o.s.b.w.e.tomcat.GracefulShutdown        : Commencing graceful shutdown. Waiting for active requests to complete
2026-06-14T18:00:00.512+05:30  INFO 129391 --- [backend] [tomcat-shutdown] o.s.b.w.e.tomcat.GracefulShutdown        : Graceful shutdown complete
2026-06-14T18:00:00.518+05:30  INFO 129391 --- [backend] [SpringApplicationShutdownHook] j.LocalContainerEntityManagerFactoryBean : Closing JPA EntityManagerFactory for persistence unit 'default'
2026-06-14T18:00:00.521+05:30  INFO 129391 --- [backend] [SpringApplicationShutdownHook] com.zaxxer.hikari.HikariDataSource       : HikariPool-1 - Shutdown initiated...
2026-06-14T18:00:00.529+05:30  INFO 129391 --- [backend] [SpringApplicationShutdownHook] com.zaxxer.hikari.HikariDataSource       : HikariPool-1 - Shutdown completed.
2026-06-14T18:03:15.566+05:30  INFO 144588 --- [backend] [main] c.carPooling.backend.BackendApplication  : Starting BackendApplication using Java 17.0.15 with PID 144588 (/home/shivanshkumar/projects/backend/backend/target/classes started by shivanshkumar in /home/shivanshkumar/projects/backend/backend)
2026-06-14T18:03:15.568+05:30 DEBUG 144588 --- [backend] [main] c.carPooling.backend.BackendApplication  : Running with Spring Boot v3.5.14, Spring v6.2.18
2026-06-14T18:03:15.569+05:30  INFO 144588 --- [backend] [main] c.carPooling.backend.BackendApplication  : No active profile set, falling back to 1 default profile: "default"
2026-06-14T18:03:16.065+05:30  INFO 144588 --- [backend] [main] .s.d.r.c.RepositoryConfigurationDelegate : Bootstrapping Spring Data JPA repositories in DEFAULT mode.
2026-06-14T18:03:16.106+05:30  INFO 144588 --- [backend] [main] .s.d.r.c.RepositoryConfigurationDelegate : Finished Spring Data repository scanning in 35 ms. Found 3 JPA repository interfaces.
2026-06-14T18:03:16.546+05:30  INFO 144588 --- [backend] [main] o.s.b.w.embedded.tomcat.TomcatWebServer  : Tomcat initialized with port 8089 (http)
2026-06-14T18:03:16.557+05:30  INFO 144588 --- [backend] [main] o.apache.catalina.core.StandardService   : Starting service [Tomcat]
2026-06-14T18:03:16.557+05:30  INFO 144588 --- [backend] [main] o.apache.catalina.core.StandardEngine    : Starting Servlet engine: [Apache Tomcat/10.1.54]
2026-06-14T18:03:16.592+05:30  INFO 144588 --- [backend] [main] o.a.c.c.C.[Tomcat].[localhost].[/]       : Initializing Spring embedded WebApplicationContext
2026-06-14T18:03:16.593+05:30  INFO 144588 --- [backend] [main] w.s.c.ServletWebServerApplicationContext : Root WebApplicationContext: initialization completed in 991 ms
2026-06-14T18:03:16.682+05:30  INFO 144588 --- [backend] [main] o.hibernate.jpa.internal.util.LogHelper  : HHH000204: Processing PersistenceUnitInfo [name: default]
2026-06-14T18:03:16.724+05:30  INFO 144588 --- [backend] [main] org.hibernate.Version                    : HHH000412: Hibernate ORM core version 6.6.49.Final
2026-06-14T18:03:16.742+05:30  INFO 144588 --- [backend] [main] o.h.c.internal.RegionFactoryInitiator    : HHH000026: Second-level cache disabled
2026-06-14T18:03:16.893+05:30  INFO 144588 --- [backend] [main] o.s.o.j.p.SpringPersistenceUnitInfo      : No LoadTimeWeaver setup: ignoring JPA class transformer
2026-06-14T18:03:16.909+05:30  INFO 144588 --- [backend] [main] com.zaxxer.hikari.HikariDataSource       : HikariPool-1 - Starting...
2026-06-14T18:03:17.019+05:30  INFO 144588 --- [backend] [main] com.zaxxer.hikari.pool.HikariPool        : HikariPool-1 - Added connection com.mysql.cj.jdbc.ConnectionImpl@4cd7e993
2026-06-14T18:03:17.020+05:30  INFO 144588 --- [backend] [main] com.zaxxer.hikari.HikariDataSource       : HikariPool-1 - Start completed.
2026-06-14T18:03:17.048+05:30  WARN 144588 --- [backend] [main] org.hibernate.orm.deprecation            : HHH90000025: MySQLDialect does not need to be specified explicitly using 'hibernate.dialect' (remove the property setting and it will be selected by default)
2026-06-14T18:03:17.059+05:30  INFO 144588 --- [backend] [main] org.hibernate.orm.connections.pooling    : HHH10001005: Database info:
	Database JDBC URL [Connecting through datasource 'HikariDataSource (HikariPool-1)']
	Database driver: undefined/unknown
	Database version: 8.0.46
	Autocommit mode: undefined/unknown
	Isolation level: undefined/unknown
	Minimum pool size: undefined/unknown
	Maximum pool size: undefined/unknown
2026-06-14T18:03:17.514+05:30  INFO 144588 --- [backend] [main] o.h.e.t.j.p.i.JtaPlatformInitiator       : HHH000489: No JTA platform available (set 'hibernate.transaction.jta.platform' to enable JTA platform integration)
2026-06-14T18:03:17.563+05:30  INFO 144588 --- [backend] [main] j.LocalContainerEntityManagerFactoryBean : Initialized JPA EntityManagerFactory for persistence unit 'default'
2026-06-14T18:03:17.724+05:30 DEBUG 144588 --- [backend] [main] c.c.backend.security.JwtAuthFilter       : Filter 'jwtAuthFilter' configured for use
2026-06-14T18:03:17.763+05:30  INFO 144588 --- [backend] [main] eAuthenticationProviderManagerConfigurer : Global AuthenticationManager configured with AuthenticationProvider bean with name authenticationProvider
2026-06-14T18:03:17.763+05:30  WARN 144588 --- [backend] [main] r$InitializeUserDetailsManagerConfigurer : Global AuthenticationManager configured with an AuthenticationProvider bean. UserDetailsService beans will not be used by Spring Security for automatically configuring username/password login. Consider removing the AuthenticationProvider bean. Alternatively, consider using the UserDetailsService in a manually instantiated DaoAuthenticationProvider. If the current configuration is intentional, to turn off this warning, increase the logging level of 'org.springframework.security.config.annotation.authentication.configuration.InitializeUserDetailsBeanManagerConfigurer' to ERROR
2026-06-14T18:03:17.833+05:30  WARN 144588 --- [backend] [main] JpaBaseConfiguration$JpaWebConfiguration : spring.jpa.open-in-view is enabled by default. Therefore, database queries may be performed during view rendering. Explicitly configure spring.jpa.open-in-view to disable this warning
2026-06-14T18:03:18.014+05:30 DEBUG 144588 --- [backend] [main] o.s.s.web.DefaultSecurityFilterChain     : Will secure any request with filters: DisableEncodeUrlFilter, WebAsyncManagerIntegrationFilter, SecurityContextHolderFilter, HeaderWriterFilter, LogoutFilter, JwtAuthFilter, RequestCacheAwareFilter, SecurityContextHolderAwareRequestFilter, AnonymousAuthenticationFilter, SessionManagementFilter, ExceptionTranslationFilter, AuthorizationFilter
2026-06-14T18:03:18.140+05:30  INFO 144588 --- [backend] [main] o.s.b.w.embedded.tomcat.TomcatWebServer  : Tomcat started on port 8089 (http) with context path '/'
2026-06-14T18:03:18.146+05:30  INFO 144588 --- [backend] [main] c.carPooling.backend.BackendApplication  : Started BackendApplication in 2.916 seconds (process running for 3.143)
2026-06-14T18:03:25.065+05:30  INFO 144588 --- [backend] [http-nio-8089-exec-2] o.a.c.c.C.[Tomcat].[localhost].[/]       : Initializing Spring DispatcherServlet 'dispatcherServlet'
2026-06-14T18:03:25.065+05:30  INFO 144588 --- [backend] [http-nio-8089-exec-2] o.s.web.servlet.DispatcherServlet        : Initializing Servlet 'dispatcherServlet'
2026-06-14T18:03:25.067+05:30  INFO 144588 --- [backend] [http-nio-8089-exec-2] o.s.web.servlet.DispatcherServlet        : Completed initialization in 2 ms
2026-06-14T18:03:25.085+05:30 DEBUG 144588 --- [backend] [http-nio-8089-exec-2] o.s.security.web.FilterChainProxy        : Securing POST /api/ride/preference
2026-06-14T18:03:32.774+05:30 DEBUG 144588 --- [backend] [http-nio-8089-exec-3] o.s.security.web.FilterChainProxy        : Securing POST /api/auth/login
2026-06-14T18:03:32.778+05:30 DEBUG 144588 --- [backend] [http-nio-8089-exec-3] o.s.s.w.a.AnonymousAuthenticationFilter  : Set SecurityContextHolder to anonymous SecurityContext
2026-06-14T18:03:32.780+05:30 DEBUG 144588 --- [backend] [http-nio-8089-exec-3] o.s.security.web.FilterChainProxy        : Secured POST /api/auth/login
2026-06-14T18:03:50.150+05:30 DEBUG 144588 --- [backend] [http-nio-8089-exec-4] o.s.security.web.FilterChainProxy        : Securing POST /api/ride/preference
2026-06-14T18:03:50.192+05:30 DEBUG 144588 --- [backend] [http-nio-8089-exec-4] o.s.security.web.FilterChainProxy        : Secured POST /api/ride/preference
2026-06-14T18:04:05.872+05:30 DEBUG 144588 --- [backend] [http-nio-8089-exec-6] o.s.security.web.FilterChainProxy        : Securing POST /api/ride/preference
2026-06-14T18:04:05.881+05:30 DEBUG 144588 --- [backend] [http-nio-8089-exec-6] o.s.security.web.FilterChainProxy        : Secured POST /api/ride/preference
2026-06-14T18:04:26.717+05:30 DEBUG 144588 --- [backend] [http-nio-8089-exec-8] o.s.security.web.FilterChainProxy        : Securing POST /api/ride/preference
2026-06-14T18:04:26.727+05:30 DEBUG 144588 --- [backend] [http-nio-8089-exec-8] o.s.security.web.FilterChainProxy        : Secured POST /api/ride/preference
2026-06-14T18:05:32.322+05:30 DEBUG 144588 --- [backend] [http-nio-8089-exec-10] o.s.security.web.FilterChainProxy        : Securing POST /api/ride/preference
2026-06-14T18:05:32.330+05:30 DEBUG 144588 --- [backend] [http-nio-8089-exec-10] o.s.security.web.FilterChainProxy        : Secured POST /api/ride/preference
2026-06-14T18:05:57.428+05:30 DEBUG 144588 --- [backend] [http-nio-8089-exec-2] o.s.security.web.FilterChainProxy        : Securing POST /api/ride/preference
2026-06-14T18:05:57.434+05:30 DEBUG 144588 --- [backend] [http-nio-8089-exec-2] o.s.security.web.FilterChainProxy        : Secured POST /api/ride/preference
2026-06-14T18:06:12.961+05:30  INFO 144588 --- [backend] [SpringApplicationShutdownHook] o.s.b.w.e.tomcat.GracefulShutdown        : Commencing graceful shutdown. Waiting for active requests to complete
2026-06-14T18:06:12.965+05:30  INFO 144588 --- [backend] [tomcat-shutdown] o.s.b.w.e.tomcat.GracefulShutdown        : Graceful shutdown complete
2026-06-14T18:06:12.973+05:30  INFO 144588 --- [backend] [SpringApplicationShutdownHook] j.LocalContainerEntityManagerFactoryBean : Closing JPA EntityManagerFactory for persistence unit 'default'
2026-06-14T18:06:12.976+05:30  INFO 144588 --- [backend] [SpringApplicationShutdownHook] com.zaxxer.hikari.HikariDataSource       : HikariPool-1 - Shutdown initiated...
2026-06-14T18:06:12.983+05:30  INFO 144588 --- [backend] [SpringApplicationShutdownHook] com.zaxxer.hikari.HikariDataSource       : HikariPool-1 - Shutdown completed.
2026-06-14T18:06:27.157+05:30  INFO 148640 --- [backend] [main] c.carPooling.backend.BackendApplication  : Starting BackendApplication using Java 17.0.15 with PID 148640 (/home/shivanshkumar/projects/backend/backend/target/classes started by shivanshkumar in /home/shivanshkumar/projects/backend/backend)
2026-06-14T18:06:27.160+05:30 DEBUG 148640 --- [backend] [main] c.carPooling.backend.BackendApplication  : Running with Spring Boot v3.5.14, Spring v6.2.18
2026-06-14T18:06:27.161+05:30  INFO 148640 --- [backend] [main] c.carPooling.backend.BackendApplication  : No active profile set, falling back to 1 default profile: "default"
2026-06-14T18:06:27.625+05:30  INFO 148640 --- [backend] [main] .s.d.r.c.RepositoryConfigurationDelegate : Bootstrapping Spring Data JPA repositories in DEFAULT mode.
2026-06-14T18:06:27.664+05:30  INFO 148640 --- [backend] [main] .s.d.r.c.RepositoryConfigurationDelegate : Finished Spring Data repository scanning in 34 ms. Found 3 JPA repository interfaces.
2026-06-14T18:06:28.037+05:30  INFO 148640 --- [backend] [main] o.s.b.w.embedded.tomcat.TomcatWebServer  : Tomcat initialized with port 8089 (http)
2026-06-14T18:06:28.045+05:30  INFO 148640 --- [backend] [main] o.apache.catalina.core.StandardService   : Starting service [Tomcat]
2026-06-14T18:06:28.046+05:30  INFO 148640 --- [backend] [main] o.apache.catalina.core.StandardEngine    : Starting Servlet engine: [Apache Tomcat/10.1.54]
2026-06-14T18:06:28.071+05:30  INFO 148640 --- [backend] [main] o.a.c.c.C.[Tomcat].[localhost].[/]       : Initializing Spring embedded WebApplicationContext
2026-06-14T18:06:28.071+05:30  INFO 148640 --- [backend] [main] w.s.c.ServletWebServerApplicationContext : Root WebApplicationContext: initialization completed in 869 ms
2026-06-14T18:06:28.146+05:30  INFO 148640 --- [backend] [main] o.hibernate.jpa.internal.util.LogHelper  : HHH000204: Processing PersistenceUnitInfo [name: default]
2026-06-14T18:06:28.175+05:30  INFO 148640 --- [backend] [main] org.hibernate.Version                    : HHH000412: Hibernate ORM core version 6.6.49.Final
2026-06-14T18:06:28.195+05:30  INFO 148640 --- [backend] [main] o.h.c.internal.RegionFactoryInitiator    : HHH000026: Second-level cache disabled
2026-06-14T18:06:28.332+05:30  INFO 148640 --- [backend] [main] o.s.o.j.p.SpringPersistenceUnitInfo      : No LoadTimeWeaver setup: ignoring JPA class transformer
2026-06-14T18:06:28.348+05:30  INFO 148640 --- [backend] [main] com.zaxxer.hikari.HikariDataSource       : HikariPool-1 - Starting...
2026-06-14T18:06:28.439+05:30  INFO 148640 --- [backend] [main] com.zaxxer.hikari.pool.HikariPool        : HikariPool-1 - Added connection com.mysql.cj.jdbc.ConnectionImpl@6f7a20da
2026-06-14T18:06:28.441+05:30  INFO 148640 --- [backend] [main] com.zaxxer.hikari.HikariDataSource       : HikariPool-1 - Start completed.
2026-06-14T18:06:28.476+05:30  WARN 148640 --- [backend] [main] org.hibernate.orm.deprecation            : HHH90000025: MySQLDialect does not need to be specified explicitly using 'hibernate.dialect' (remove the property setting and it will be selected by default)
2026-06-14T18:06:28.486+05:30  INFO 148640 --- [backend] [main] org.hibernate.orm.connections.pooling    : HHH10001005: Database info:
	Database JDBC URL [Connecting through datasource 'HikariDataSource (HikariPool-1)']
	Database driver: undefined/unknown
	Database version: 8.0.46
	Autocommit mode: undefined/unknown
	Isolation level: undefined/unknown
	Minimum pool size: undefined/unknown
	Maximum pool size: undefined/unknown
2026-06-14T18:06:28.940+05:30  INFO 148640 --- [backend] [main] o.h.e.t.j.p.i.JtaPlatformInitiator       : HHH000489: No JTA platform available (set 'hibernate.transaction.jta.platform' to enable JTA platform integration)
2026-06-14T18:06:28.997+05:30  INFO 148640 --- [backend] [main] j.LocalContainerEntityManagerFactoryBean : Initialized JPA EntityManagerFactory for persistence unit 'default'
2026-06-14T18:06:29.175+05:30 DEBUG 148640 --- [backend] [main] c.c.backend.security.JwtAuthFilter       : Filter 'jwtAuthFilter' configured for use
2026-06-14T18:06:29.217+05:30  INFO 148640 --- [backend] [main] eAuthenticationProviderManagerConfigurer : Global AuthenticationManager configured with AuthenticationProvider bean with name authenticationProvider
2026-06-14T18:06:29.217+05:30  WARN 148640 --- [backend] [main] r$InitializeUserDetailsManagerConfigurer : Global AuthenticationManager configured with an AuthenticationProvider bean. UserDetailsService beans will not be used by Spring Security for automatically configuring username/password login. Consider removing the AuthenticationProvider bean. Alternatively, consider using the UserDetailsService in a manually instantiated DaoAuthenticationProvider. If the current configuration is intentional, to turn off this warning, increase the logging level of 'org.springframework.security.config.annotation.authentication.configuration.InitializeUserDetailsBeanManagerConfigurer' to ERROR
2026-06-14T18:06:29.280+05:30  WARN 148640 --- [backend] [main] JpaBaseConfiguration$JpaWebConfiguration : spring.jpa.open-in-view is enabled by default. Therefore, database queries may be performed during view rendering. Explicitly configure spring.jpa.open-in-view to disable this warning
2026-06-14T18:06:29.448+05:30 DEBUG 148640 --- [backend] [main] o.s.s.web.DefaultSecurityFilterChain     : Will secure any request with filters: DisableEncodeUrlFilter, WebAsyncManagerIntegrationFilter, SecurityContextHolderFilter, HeaderWriterFilter, LogoutFilter, JwtAuthFilter, RequestCacheAwareFilter, SecurityContextHolderAwareRequestFilter, AnonymousAuthenticationFilter, SessionManagementFilter, ExceptionTranslationFilter, AuthorizationFilter
2026-06-14T18:06:29.561+05:30  INFO 148640 --- [backend] [main] o.s.b.w.embedded.tomcat.TomcatWebServer  : Tomcat started on port 8089 (http) with context path '/'
2026-06-14T18:06:29.567+05:30  INFO 148640 --- [backend] [main] c.carPooling.backend.BackendApplication  : Started BackendApplication in 2.801 seconds (process running for 2.992)
2026-06-14T18:06:36.837+05:30  INFO 148640 --- [backend] [http-nio-8089-exec-2] o.a.c.c.C.[Tomcat].[localhost].[/]       : Initializing Spring DispatcherServlet 'dispatcherServlet'
2026-06-14T18:06:36.838+05:30  INFO 148640 --- [backend] [http-nio-8089-exec-2] o.s.web.servlet.DispatcherServlet        : Initializing Servlet 'dispatcherServlet'
2026-06-14T18:06:36.839+05:30  INFO 148640 --- [backend] [http-nio-8089-exec-2] o.s.web.servlet.DispatcherServlet        : Completed initialization in 1 ms
2026-06-14T18:06:36.859+05:30 DEBUG 148640 --- [backend] [http-nio-8089-exec-2] o.s.security.web.FilterChainProxy        : Securing POST /api/ride/preference
2026-06-14T18:06:37.169+05:30 DEBUG 148640 --- [backend] [http-nio-8089-exec-2] o.s.security.web.FilterChainProxy        : Secured POST /api/ride/preference
2026-06-14T18:07:55.954+05:30  INFO 148640 --- [backend] [SpringApplicationShutdownHook] o.s.b.w.e.tomcat.GracefulShutdown        : Commencing graceful shutdown. Waiting for active requests to complete
2026-06-14T18:07:55.957+05:30  INFO 148640 --- [backend] [tomcat-shutdown] o.s.b.w.e.tomcat.GracefulShutdown        : Graceful shutdown complete
2026-06-14T18:07:55.963+05:30  INFO 148640 --- [backend] [SpringApplicationShutdownHook] j.LocalContainerEntityManagerFactoryBean : Closing JPA EntityManagerFactory for persistence unit 'default'
2026-06-14T18:07:55.966+05:30  INFO 148640 --- [backend] [SpringApplicationShutdownHook] com.zaxxer.hikari.HikariDataSource       : HikariPool-1 - Shutdown initiated...
2026-06-14T18:07:55.978+05:30  INFO 148640 --- [backend] [SpringApplicationShutdownHook] com.zaxxer.hikari.HikariDataSource       : HikariPool-1 - Shutdown completed.
2026-06-14T18:07:59.468+05:30  INFO 150668 --- [backend] [main] c.carPooling.backend.BackendApplication  : Starting BackendApplication using Java 17.0.15 with PID 150668 (/home/shivanshkumar/projects/backend/backend/target/classes started by shivanshkumar in /home/shivanshkumar/projects/backend/backend)
2026-06-14T18:07:59.469+05:30 DEBUG 150668 --- [backend] [main] c.carPooling.backend.BackendApplication  : Running with Spring Boot v3.5.14, Spring v6.2.18
2026-06-14T18:07:59.471+05:30  INFO 150668 --- [backend] [main] c.carPooling.backend.BackendApplication  : No active profile set, falling back to 1 default profile: "default"
2026-06-14T18:07:59.902+05:30  INFO 150668 --- [backend] [main] .s.d.r.c.RepositoryConfigurationDelegate : Bootstrapping Spring Data JPA repositories in DEFAULT mode.
2026-06-14T18:07:59.939+05:30  INFO 150668 --- [backend] [main] .s.d.r.c.RepositoryConfigurationDelegate : Finished Spring Data repository scanning in 32 ms. Found 3 JPA repository interfaces.
2026-06-14T18:08:00.328+05:30  INFO 150668 --- [backend] [main] o.s.b.w.embedded.tomcat.TomcatWebServer  : Tomcat initialized with port 8089 (http)
2026-06-14T18:08:00.336+05:30  INFO 150668 --- [backend] [main] o.apache.catalina.core.StandardService   : Starting service [Tomcat]
2026-06-14T18:08:00.336+05:30  INFO 150668 --- [backend] [main] o.apache.catalina.core.StandardEngine    : Starting Servlet engine: [Apache Tomcat/10.1.54]
2026-06-14T18:08:00.365+05:30  INFO 150668 --- [backend] [main] o.a.c.c.C.[Tomcat].[localhost].[/]       : Initializing Spring embedded WebApplicationContext
2026-06-14T18:08:00.365+05:30  INFO 150668 --- [backend] [main] w.s.c.ServletWebServerApplicationContext : Root WebApplicationContext: initialization completed in 863 ms
2026-06-14T18:08:00.457+05:30  INFO 150668 --- [backend] [main] o.hibernate.jpa.internal.util.LogHelper  : HHH000204: Processing PersistenceUnitInfo [name: default]
2026-06-14T18:08:00.491+05:30  INFO 150668 --- [backend] [main] org.hibernate.Version                    : HHH000412: Hibernate ORM core version 6.6.49.Final
2026-06-14T18:08:00.508+05:30  INFO 150668 --- [backend] [main] o.h.c.internal.RegionFactoryInitiator    : HHH000026: Second-level cache disabled
2026-06-14T18:08:00.645+05:30  INFO 150668 --- [backend] [main] o.s.o.j.p.SpringPersistenceUnitInfo      : No LoadTimeWeaver setup: ignoring JPA class transformer
2026-06-14T18:08:00.661+05:30  INFO 150668 --- [backend] [main] com.zaxxer.hikari.HikariDataSource       : HikariPool-1 - Starting...
2026-06-14T18:08:00.759+05:30  INFO 150668 --- [backend] [main] com.zaxxer.hikari.pool.HikariPool        : HikariPool-1 - Added connection com.mysql.cj.jdbc.ConnectionImpl@7d1cb59f
2026-06-14T18:08:00.760+05:30  INFO 150668 --- [backend] [main] com.zaxxer.hikari.HikariDataSource       : HikariPool-1 - Start completed.
2026-06-14T18:08:00.782+05:30  WARN 150668 --- [backend] [main] org.hibernate.orm.deprecation            : HHH90000025: MySQLDialect does not need to be specified explicitly using 'hibernate.dialect' (remove the property setting and it will be selected by default)
2026-06-14T18:08:00.792+05:30  INFO 150668 --- [backend] [main] org.hibernate.orm.connections.pooling    : HHH10001005: Database info:
	Database JDBC URL [Connecting through datasource 'HikariDataSource (HikariPool-1)']
	Database driver: undefined/unknown
	Database version: 8.0.46
	Autocommit mode: undefined/unknown
	Isolation level: undefined/unknown
	Minimum pool size: undefined/unknown
	Maximum pool size: undefined/unknown
2026-06-14T18:08:01.241+05:30  INFO 150668 --- [backend] [main] o.h.e.t.j.p.i.JtaPlatformInitiator       : HHH000489: No JTA platform available (set 'hibernate.transaction.jta.platform' to enable JTA platform integration)
2026-06-14T18:08:01.289+05:30  INFO 150668 --- [backend] [main] j.LocalContainerEntityManagerFactoryBean : Initialized JPA EntityManagerFactory for persistence unit 'default'
2026-06-14T18:08:01.458+05:30 DEBUG 150668 --- [backend] [main] c.c.backend.security.JwtAuthFilter       : Filter 'jwtAuthFilter' configured for use
2026-06-14T18:08:01.497+05:30  INFO 150668 --- [backend] [main] eAuthenticationProviderManagerConfigurer : Global AuthenticationManager configured with AuthenticationProvider bean with name authenticationProvider
2026-06-14T18:08:01.498+05:30  WARN 150668 --- [backend] [main] r$InitializeUserDetailsManagerConfigurer : Global AuthenticationManager configured with an AuthenticationProvider bean. UserDetailsService beans will not be used by Spring Security for automatically configuring username/password login. Consider removing the AuthenticationProvider bean. Alternatively, consider using the UserDetailsService in a manually instantiated DaoAuthenticationProvider. If the current configuration is intentional, to turn off this warning, increase the logging level of 'org.springframework.security.config.annotation.authentication.configuration.InitializeUserDetailsBeanManagerConfigurer' to ERROR
2026-06-14T18:08:01.566+05:30  WARN 150668 --- [backend] [main] JpaBaseConfiguration$JpaWebConfiguration : spring.jpa.open-in-view is enabled by default. Therefore, database queries may be performed during view rendering. Explicitly configure spring.jpa.open-in-view to disable this warning
2026-06-14T18:08:01.723+05:30 DEBUG 150668 --- [backend] [main] o.s.s.web.DefaultSecurityFilterChain     : Will secure any request with filters: DisableEncodeUrlFilter, WebAsyncManagerIntegrationFilter, SecurityContextHolderFilter, HeaderWriterFilter, LogoutFilter, JwtAuthFilter, RequestCacheAwareFilter, SecurityContextHolderAwareRequestFilter, AnonymousAuthenticationFilter, SessionManagementFilter, ExceptionTranslationFilter, AuthorizationFilter
2026-06-14T18:08:01.860+05:30  INFO 150668 --- [backend] [main] o.s.b.w.embedded.tomcat.TomcatWebServer  : Tomcat started on port 8089 (http) with context path '/'
2026-06-14T18:08:01.866+05:30  INFO 150668 --- [backend] [main] c.carPooling.backend.BackendApplication  : Started BackendApplication in 2.7 seconds (process running for 2.902)
2026-06-14T18:08:04.657+05:30  INFO 150668 --- [backend] [http-nio-8089-exec-2] o.a.c.c.C.[Tomcat].[localhost].[/]       : Initializing Spring DispatcherServlet 'dispatcherServlet'
2026-06-14T18:08:04.657+05:30  INFO 150668 --- [backend] [http-nio-8089-exec-2] o.s.web.servlet.DispatcherServlet        : Initializing Servlet 'dispatcherServlet'
2026-06-14T18:08:04.658+05:30  INFO 150668 --- [backend] [http-nio-8089-exec-2] o.s.web.servlet.DispatcherServlet        : Completed initialization in 1 ms
2026-06-14T18:08:04.676+05:30 DEBUG 150668 --- [backend] [http-nio-8089-exec-2] o.s.security.web.FilterChainProxy        : Securing POST /api/ride/preference
2026-06-14T18:08:04.962+05:30 DEBUG 150668 --- [backend] [http-nio-8089-exec-2] o.s.security.web.FilterChainProxy        : Secured POST /api/ride/preference
2026-06-14T18:08:04.992+05:30 DEBUG 150668 --- [backend] [http-nio-8089-exec-2] c.c.backend.controller.RideController    : Create PReference Response: CreatePreferenceRequest{preference_name='null'}
2026-06-14T18:08:04.998+05:30 DEBUG 150668 --- [backend] [http-nio-8089-exec-2] c.c.b.service.impl.RideServiceImpl       : Create preferedne request CreatePreferenceRequest{preference_name='null'}
2026-06-14T18:08:05.095+05:30  WARN 150668 --- [backend] [http-nio-8089-exec-2] o.h.engine.jdbc.spi.SqlExceptionHelper   : SQL Error: 1048, SQLState: 23000
2026-06-14T18:08:05.096+05:30 ERROR 150668 --- [backend] [http-nio-8089-exec-2] o.h.engine.jdbc.spi.SqlExceptionHelper   : Column 'preference_name' cannot be null
2026-06-14T18:08:30.638+05:30  INFO 150668 --- [backend] [SpringApplicationShutdownHook] o.s.b.w.e.tomcat.GracefulShutdown        : Commencing graceful shutdown. Waiting for active requests to complete
2026-06-14T18:08:30.642+05:30  INFO 150668 --- [backend] [tomcat-shutdown] o.s.b.w.e.tomcat.GracefulShutdown        : Graceful shutdown complete
2026-06-14T18:08:30.652+05:30  INFO 150668 --- [backend] [SpringApplicationShutdownHook] j.LocalContainerEntityManagerFactoryBean : Closing JPA EntityManagerFactory for persistence unit 'default'
2026-06-14T18:08:30.656+05:30  INFO 150668 --- [backend] [SpringApplicationShutdownHook] com.zaxxer.hikari.HikariDataSource       : HikariPool-1 - Shutdown initiated...
2026-06-14T18:08:30.662+05:30  INFO 150668 --- [backend] [SpringApplicationShutdownHook] com.zaxxer.hikari.HikariDataSource       : HikariPool-1 - Shutdown completed.
2026-06-14T18:08:33.091+05:30  INFO 151477 --- [backend] [main] c.carPooling.backend.BackendApplication  : Starting BackendApplication using Java 17.0.15 with PID 151477 (/home/shivanshkumar/projects/backend/backend/target/classes started by shivanshkumar in /home/shivanshkumar/projects/backend/backend)
2026-06-14T18:08:33.093+05:30 DEBUG 151477 --- [backend] [main] c.carPooling.backend.BackendApplication  : Running with Spring Boot v3.5.14, Spring v6.2.18
2026-06-14T18:08:33.094+05:30  INFO 151477 --- [backend] [main] c.carPooling.backend.BackendApplication  : No active profile set, falling back to 1 default profile: "default"
2026-06-14T18:08:33.514+05:30  INFO 151477 --- [backend] [main] .s.d.r.c.RepositoryConfigurationDelegate : Bootstrapping Spring Data JPA repositories in DEFAULT mode.
2026-06-14T18:08:33.552+05:30  INFO 151477 --- [backend] [main] .s.d.r.c.RepositoryConfigurationDelegate : Finished Spring Data repository scanning in 32 ms. Found 3 JPA repository interfaces.
2026-06-14T18:08:33.917+05:30  INFO 151477 --- [backend] [main] o.s.b.w.embedded.tomcat.TomcatWebServer  : Tomcat initialized with port 8089 (http)
2026-06-14T18:08:33.924+05:30  INFO 151477 --- [backend] [main] o.apache.catalina.core.StandardService   : Starting service [Tomcat]
2026-06-14T18:08:33.925+05:30  INFO 151477 --- [backend] [main] o.apache.catalina.core.StandardEngine    : Starting Servlet engine: [Apache Tomcat/10.1.54]
2026-06-14T18:08:33.952+05:30  INFO 151477 --- [backend] [main] o.a.c.c.C.[Tomcat].[localhost].[/]       : Initializing Spring embedded WebApplicationContext
2026-06-14T18:08:33.952+05:30  INFO 151477 --- [backend] [main] w.s.c.ServletWebServerApplicationContext : Root WebApplicationContext: initialization completed in 824 ms
2026-06-14T18:08:34.031+05:30  INFO 151477 --- [backend] [main] o.hibernate.jpa.internal.util.LogHelper  : HHH000204: Processing PersistenceUnitInfo [name: default]
2026-06-14T18:08:34.059+05:30  INFO 151477 --- [backend] [main] org.hibernate.Version                    : HHH000412: Hibernate ORM core version 6.6.49.Final
2026-06-14T18:08:34.078+05:30  INFO 151477 --- [backend] [main] o.h.c.internal.RegionFactoryInitiator    : HHH000026: Second-level cache disabled
2026-06-14T18:08:34.210+05:30  INFO 151477 --- [backend] [main] o.s.o.j.p.SpringPersistenceUnitInfo      : No LoadTimeWeaver setup: ignoring JPA class transformer
2026-06-14T18:08:34.224+05:30  INFO 151477 --- [backend] [main] com.zaxxer.hikari.HikariDataSource       : HikariPool-1 - Starting...
2026-06-14T18:08:34.314+05:30  INFO 151477 --- [backend] [main] com.zaxxer.hikari.pool.HikariPool        : HikariPool-1 - Added connection com.mysql.cj.jdbc.ConnectionImpl@79b7c350
2026-06-14T18:08:34.315+05:30  INFO 151477 --- [backend] [main] com.zaxxer.hikari.HikariDataSource       : HikariPool-1 - Start completed.
2026-06-14T18:08:34.341+05:30  WARN 151477 --- [backend] [main] org.hibernate.orm.deprecation            : HHH90000025: MySQLDialect does not need to be specified explicitly using 'hibernate.dialect' (remove the property setting and it will be selected by default)
2026-06-14T18:08:34.351+05:30  INFO 151477 --- [backend] [main] org.hibernate.orm.connections.pooling    : HHH10001005: Database info:
	Database JDBC URL [Connecting through datasource 'HikariDataSource (HikariPool-1)']
	Database driver: undefined/unknown
	Database version: 8.0.46
	Autocommit mode: undefined/unknown
	Isolation level: undefined/unknown
	Minimum pool size: undefined/unknown
	Maximum pool size: undefined/unknown
2026-06-14T18:08:34.771+05:30  INFO 151477 --- [backend] [main] o.h.e.t.j.p.i.JtaPlatformInitiator       : HHH000489: No JTA platform available (set 'hibernate.transaction.jta.platform' to enable JTA platform integration)
2026-06-14T18:08:34.816+05:30  INFO 151477 --- [backend] [main] j.LocalContainerEntityManagerFactoryBean : Initialized JPA EntityManagerFactory for persistence unit 'default'
2026-06-14T18:08:34.976+05:30 DEBUG 151477 --- [backend] [main] c.c.backend.security.JwtAuthFilter       : Filter 'jwtAuthFilter' configured for use
2026-06-14T18:08:35.017+05:30  INFO 151477 --- [backend] [main] eAuthenticationProviderManagerConfigurer : Global AuthenticationManager configured with AuthenticationProvider bean with name authenticationProvider
2026-06-14T18:08:35.017+05:30  WARN 151477 --- [backend] [main] r$InitializeUserDetailsManagerConfigurer : Global AuthenticationManager configured with an AuthenticationProvider bean. UserDetailsService beans will not be used by Spring Security for automatically configuring username/password login. Consider removing the AuthenticationProvider bean. Alternatively, consider using the UserDetailsService in a manually instantiated DaoAuthenticationProvider. If the current configuration is intentional, to turn off this warning, increase the logging level of 'org.springframework.security.config.annotation.authentication.configuration.InitializeUserDetailsBeanManagerConfigurer' to ERROR
2026-06-14T18:08:35.084+05:30  WARN 151477 --- [backend] [main] JpaBaseConfiguration$JpaWebConfiguration : spring.jpa.open-in-view is enabled by default. Therefore, database queries may be performed during view rendering. Explicitly configure spring.jpa.open-in-view to disable this warning
2026-06-14T18:08:35.243+05:30 DEBUG 151477 --- [backend] [main] o.s.s.web.DefaultSecurityFilterChain     : Will secure any request with filters: DisableEncodeUrlFilter, WebAsyncManagerIntegrationFilter, SecurityContextHolderFilter, HeaderWriterFilter, LogoutFilter, JwtAuthFilter, RequestCacheAwareFilter, SecurityContextHolderAwareRequestFilter, AnonymousAuthenticationFilter, SessionManagementFilter, ExceptionTranslationFilter, AuthorizationFilter
2026-06-14T18:08:35.375+05:30  INFO 151477 --- [backend] [main] o.s.b.w.embedded.tomcat.TomcatWebServer  : Tomcat started on port 8089 (http) with context path '/'
2026-06-14T18:08:35.380+05:30  INFO 151477 --- [backend] [main] c.carPooling.backend.BackendApplication  : Started BackendApplication in 2.582 seconds (process running for 2.763)
2026-06-14T18:08:38.471+05:30  INFO 151477 --- [backend] [http-nio-8089-exec-2] o.a.c.c.C.[Tomcat].[localhost].[/]       : Initializing Spring DispatcherServlet 'dispatcherServlet'
2026-06-14T18:08:38.471+05:30  INFO 151477 --- [backend] [http-nio-8089-exec-2] o.s.web.servlet.DispatcherServlet        : Initializing Servlet 'dispatcherServlet'
2026-06-14T18:08:38.473+05:30  INFO 151477 --- [backend] [http-nio-8089-exec-2] o.s.web.servlet.DispatcherServlet        : Completed initialization in 2 ms
2026-06-14T18:08:38.494+05:30 DEBUG 151477 --- [backend] [http-nio-8089-exec-2] o.s.security.web.FilterChainProxy        : Securing POST /api/ride/preference
2026-06-14T18:08:38.853+05:30 DEBUG 151477 --- [backend] [http-nio-8089-exec-2] o.s.security.web.FilterChainProxy        : Secured POST /api/ride/preference
2026-06-14T18:08:38.880+05:30 DEBUG 151477 --- [backend] [http-nio-8089-exec-2] c.c.backend.controller.RideController    : Create PReference Response: CreatePreferenceRequest{preference_name='null'}
2026-06-14T18:08:38.885+05:30 DEBUG 151477 --- [backend] [http-nio-8089-exec-2] c.c.b.service.impl.RideServiceImpl       : Create preferedne request CreatePreferenceRequest{preference_name='null'}
2026-06-14T18:08:39.013+05:30  WARN 151477 --- [backend] [http-nio-8089-exec-2] o.h.engine.jdbc.spi.SqlExceptionHelper   : SQL Error: 1048, SQLState: 23000
2026-06-14T18:08:39.013+05:30 ERROR 151477 --- [backend] [http-nio-8089-exec-2] o.h.engine.jdbc.spi.SqlExceptionHelper   : Column 'preference_name' cannot be null
2026-06-14T18:10:00.785+05:30  INFO 151477 --- [backend] [SpringApplicationShutdownHook] o.s.b.w.e.tomcat.GracefulShutdown        : Commencing graceful shutdown. Waiting for active requests to complete
2026-06-14T18:10:00.789+05:30  INFO 151477 --- [backend] [tomcat-shutdown] o.s.b.w.e.tomcat.GracefulShutdown        : Graceful shutdown complete
2026-06-14T18:10:00.795+05:30  INFO 151477 --- [backend] [SpringApplicationShutdownHook] j.LocalContainerEntityManagerFactoryBean : Closing JPA EntityManagerFactory for persistence unit 'default'
2026-06-14T18:10:00.797+05:30  INFO 151477 --- [backend] [SpringApplicationShutdownHook] com.zaxxer.hikari.HikariDataSource       : HikariPool-1 - Shutdown initiated...
2026-06-14T18:10:00.804+05:30  INFO 151477 --- [backend] [SpringApplicationShutdownHook] com.zaxxer.hikari.HikariDataSource       : HikariPool-1 - Shutdown completed.
2026-06-14T18:10:02.690+05:30  INFO 153373 --- [backend] [main] c.carPooling.backend.BackendApplication  : Starting BackendApplication using Java 17.0.15 with PID 153373 (/home/shivanshkumar/projects/backend/backend/target/classes started by shivanshkumar in /home/shivanshkumar/projects/backend/backend)
2026-06-14T18:10:02.691+05:30 DEBUG 153373 --- [backend] [main] c.carPooling.backend.BackendApplication  : Running with Spring Boot v3.5.14, Spring v6.2.18
2026-06-14T18:10:02.692+05:30  INFO 153373 --- [backend] [main] c.carPooling.backend.BackendApplication  : No active profile set, falling back to 1 default profile: "default"
2026-06-14T18:10:03.200+05:30  INFO 153373 --- [backend] [main] .s.d.r.c.RepositoryConfigurationDelegate : Bootstrapping Spring Data JPA repositories in DEFAULT mode.
2026-06-14T18:10:03.246+05:30  INFO 153373 --- [backend] [main] .s.d.r.c.RepositoryConfigurationDelegate : Finished Spring Data repository scanning in 41 ms. Found 3 JPA repository interfaces.
2026-06-14T18:10:03.634+05:30  INFO 153373 --- [backend] [main] o.s.b.w.embedded.tomcat.TomcatWebServer  : Tomcat initialized with port 8089 (http)
2026-06-14T18:10:03.642+05:30  INFO 153373 --- [backend] [main] o.apache.catalina.core.StandardService   : Starting service [Tomcat]
2026-06-14T18:10:03.642+05:30  INFO 153373 --- [backend] [main] o.apache.catalina.core.StandardEngine    : Starting Servlet engine: [Apache Tomcat/10.1.54]
2026-06-14T18:10:03.669+05:30  INFO 153373 --- [backend] [main] o.a.c.c.C.[Tomcat].[localhost].[/]       : Initializing Spring embedded WebApplicationContext
2026-06-14T18:10:03.670+05:30  INFO 153373 --- [backend] [main] w.s.c.ServletWebServerApplicationContext : Root WebApplicationContext: initialization completed in 938 ms
2026-06-14T18:10:03.748+05:30  INFO 153373 --- [backend] [main] o.hibernate.jpa.internal.util.LogHelper  : HHH000204: Processing PersistenceUnitInfo [name: default]
2026-06-14T18:10:03.778+05:30  INFO 153373 --- [backend] [main] org.hibernate.Version                    : HHH000412: Hibernate ORM core version 6.6.49.Final
2026-06-14T18:10:03.795+05:30  INFO 153373 --- [backend] [main] o.h.c.internal.RegionFactoryInitiator    : HHH000026: Second-level cache disabled
2026-06-14T18:10:03.934+05:30  INFO 153373 --- [backend] [main] o.s.o.j.p.SpringPersistenceUnitInfo      : No LoadTimeWeaver setup: ignoring JPA class transformer
2026-06-14T18:10:03.950+05:30  INFO 153373 --- [backend] [main] com.zaxxer.hikari.HikariDataSource       : HikariPool-1 - Starting...
2026-06-14T18:10:04.044+05:30  INFO 153373 --- [backend] [main] com.zaxxer.hikari.pool.HikariPool        : HikariPool-1 - Added connection com.mysql.cj.jdbc.ConnectionImpl@401926df
2026-06-14T18:10:04.045+05:30  INFO 153373 --- [backend] [main] com.zaxxer.hikari.HikariDataSource       : HikariPool-1 - Start completed.
2026-06-14T18:10:04.070+05:30  WARN 153373 --- [backend] [main] org.hibernate.orm.deprecation            : HHH90000025: MySQLDialect does not need to be specified explicitly using 'hibernate.dialect' (remove the property setting and it will be selected by default)
2026-06-14T18:10:04.079+05:30  INFO 153373 --- [backend] [main] org.hibernate.orm.connections.pooling    : HHH10001005: Database info:
	Database JDBC URL [Connecting through datasource 'HikariDataSource (HikariPool-1)']
	Database driver: undefined/unknown
	Database version: 8.0.46
	Autocommit mode: undefined/unknown
	Isolation level: undefined/unknown
	Minimum pool size: undefined/unknown
	Maximum pool size: undefined/unknown
2026-06-14T18:10:04.518+05:30  INFO 153373 --- [backend] [main] o.h.e.t.j.p.i.JtaPlatformInitiator       : HHH000489: No JTA platform available (set 'hibernate.transaction.jta.platform' to enable JTA platform integration)
2026-06-14T18:10:04.564+05:30  INFO 153373 --- [backend] [main] j.LocalContainerEntityManagerFactoryBean : Initialized JPA EntityManagerFactory for persistence unit 'default'
2026-06-14T18:10:04.739+05:30 DEBUG 153373 --- [backend] [main] c.c.backend.security.JwtAuthFilter       : Filter 'jwtAuthFilter' configured for use
2026-06-14T18:10:04.789+05:30  INFO 153373 --- [backend] [main] eAuthenticationProviderManagerConfigurer : Global AuthenticationManager configured with AuthenticationProvider bean with name authenticationProvider
2026-06-14T18:10:04.789+05:30  WARN 153373 --- [backend] [main] r$InitializeUserDetailsManagerConfigurer : Global AuthenticationManager configured with an AuthenticationProvider bean. UserDetailsService beans will not be used by Spring Security for automatically configuring username/password login. Consider removing the AuthenticationProvider bean. Alternatively, consider using the UserDetailsService in a manually instantiated DaoAuthenticationProvider. If the current configuration is intentional, to turn off this warning, increase the logging level of 'org.springframework.security.config.annotation.authentication.configuration.InitializeUserDetailsBeanManagerConfigurer' to ERROR
2026-06-14T18:10:04.859+05:30  WARN 153373 --- [backend] [main] JpaBaseConfiguration$JpaWebConfiguration : spring.jpa.open-in-view is enabled by default. Therefore, database queries may be performed during view rendering. Explicitly configure spring.jpa.open-in-view to disable this warning
2026-06-14T18:10:05.036+05:30 DEBUG 153373 --- [backend] [main] o.s.s.web.DefaultSecurityFilterChain     : Will secure any request with filters: DisableEncodeUrlFilter, WebAsyncManagerIntegrationFilter, SecurityContextHolderFilter, HeaderWriterFilter, LogoutFilter, JwtAuthFilter, RequestCacheAwareFilter, SecurityContextHolderAwareRequestFilter, AnonymousAuthenticationFilter, SessionManagementFilter, ExceptionTranslationFilter, AuthorizationFilter
2026-06-14T18:10:05.171+05:30  INFO 153373 --- [backend] [main] o.s.b.w.embedded.tomcat.TomcatWebServer  : Tomcat started on port 8089 (http) with context path '/'
2026-06-14T18:10:05.177+05:30  INFO 153373 --- [backend] [main] c.carPooling.backend.BackendApplication  : Started BackendApplication in 2.834 seconds (process running for 3.036)
2026-06-14T18:10:07.087+05:30  INFO 153373 --- [backend] [http-nio-8089-exec-2] o.a.c.c.C.[Tomcat].[localhost].[/]       : Initializing Spring DispatcherServlet 'dispatcherServlet'
2026-06-14T18:10:07.088+05:30  INFO 153373 --- [backend] [http-nio-8089-exec-2] o.s.web.servlet.DispatcherServlet        : Initializing Servlet 'dispatcherServlet'
2026-06-14T18:10:07.089+05:30  INFO 153373 --- [backend] [http-nio-8089-exec-2] o.s.web.servlet.DispatcherServlet        : Completed initialization in 1 ms
2026-06-14T18:10:07.105+05:30 DEBUG 153373 --- [backend] [http-nio-8089-exec-2] o.s.security.web.FilterChainProxy        : Securing POST /api/ride/preference
2026-06-14T18:10:07.285+05:30 DEBUG 153373 --- [backend] [http-nio-8089-exec-2] o.s.security.web.FilterChainProxy        : Secured POST /api/ride/preference
2026-06-14T18:10:07.300+05:30 DEBUG 153373 --- [backend] [http-nio-8089-exec-2] c.c.backend.controller.RideController    : Create PReference Response: CreatePreferenceRequest{preference_name='null'}
2026-06-14T18:10:07.304+05:30 DEBUG 153373 --- [backend] [http-nio-8089-exec-2] c.c.b.service.impl.RideServiceImpl       : Create preferedne request CreatePreferenceRequest{preference_name='null'}
2026-06-14T18:10:07.382+05:30  WARN 153373 --- [backend] [http-nio-8089-exec-2] o.h.engine.jdbc.spi.SqlExceptionHelper   : SQL Error: 1048, SQLState: 23000
2026-06-14T18:10:07.382+05:30 ERROR 153373 --- [backend] [http-nio-8089-exec-2] o.h.engine.jdbc.spi.SqlExceptionHelper   : Column 'preference_name' cannot be null
2026-06-14T18:10:28.289+05:30 DEBUG 153373 --- [backend] [http-nio-8089-exec-3] o.s.security.web.FilterChainProxy        : Securing POST /api/ride/preference
2026-06-14T18:10:28.295+05:30 DEBUG 153373 --- [backend] [http-nio-8089-exec-3] o.s.security.web.FilterChainProxy        : Secured POST /api/ride/preference
2026-06-14T18:10:28.297+05:30 DEBUG 153373 --- [backend] [http-nio-8089-exec-3] c.c.backend.controller.RideController    : Create PReference Response: CreatePreferenceRequest{preference_name='null'}
2026-06-14T18:10:28.300+05:30 DEBUG 153373 --- [backend] [http-nio-8089-exec-3] c.c.b.service.impl.RideServiceImpl       : Create preferedne request CreatePreferenceRequest{preference_name='null'}
2026-06-14T18:10:28.304+05:30  WARN 153373 --- [backend] [http-nio-8089-exec-3] o.h.engine.jdbc.spi.SqlExceptionHelper   : SQL Error: 1048, SQLState: 23000
2026-06-14T18:10:28.304+05:30 ERROR 153373 --- [backend] [http-nio-8089-exec-3] o.h.engine.jdbc.spi.SqlExceptionHelper   : Column 'preference_name' cannot be null
2026-06-14T18:13:00.451+05:30  INFO 153373 --- [backend] [SpringApplicationShutdownHook] o.s.b.w.e.tomcat.GracefulShutdown        : Commencing graceful shutdown. Waiting for active requests to complete
2026-06-14T18:13:00.453+05:30  INFO 153373 --- [backend] [tomcat-shutdown] o.s.b.w.e.tomcat.GracefulShutdown        : Graceful shutdown complete
2026-06-14T18:13:00.457+05:30  INFO 153373 --- [backend] [SpringApplicationShutdownHook] j.LocalContainerEntityManagerFactoryBean : Closing JPA EntityManagerFactory for persistence unit 'default'
2026-06-14T18:13:00.459+05:30  INFO 153373 --- [backend] [SpringApplicationShutdownHook] com.zaxxer.hikari.HikariDataSource       : HikariPool-1 - Shutdown initiated...
2026-06-14T18:13:00.464+05:30  INFO 153373 --- [backend] [SpringApplicationShutdownHook] com.zaxxer.hikari.HikariDataSource       : HikariPool-1 - Shutdown completed.
2026-06-14T18:13:04.397+05:30  INFO 157153 --- [backend] [main] c.carPooling.backend.BackendApplication  : Starting BackendApplication using Java 17.0.15 with PID 157153 (/home/shivanshkumar/projects/backend/backend/target/classes started by shivanshkumar in /home/shivanshkumar/projects/backend/backend)
2026-06-14T18:13:04.400+05:30 DEBUG 157153 --- [backend] [main] c.carPooling.backend.BackendApplication  : Running with Spring Boot v3.5.14, Spring v6.2.18
2026-06-14T18:13:04.401+05:30  INFO 157153 --- [backend] [main] c.carPooling.backend.BackendApplication  : No active profile set, falling back to 1 default profile: "default"
2026-06-14T18:13:05.383+05:30  INFO 157153 --- [backend] [main] .s.d.r.c.RepositoryConfigurationDelegate : Bootstrapping Spring Data JPA repositories in DEFAULT mode.
2026-06-14T18:13:05.456+05:30  INFO 157153 --- [backend] [main] .s.d.r.c.RepositoryConfigurationDelegate : Finished Spring Data repository scanning in 64 ms. Found 3 JPA repository interfaces.
2026-06-14T18:13:05.970+05:30  INFO 157153 --- [backend] [main] o.s.b.w.embedded.tomcat.TomcatWebServer  : Tomcat initialized with port 8089 (http)
2026-06-14T18:13:05.979+05:30  INFO 157153 --- [backend] [main] o.apache.catalina.core.StandardService   : Starting service [Tomcat]
2026-06-14T18:13:05.980+05:30  INFO 157153 --- [backend] [main] o.apache.catalina.core.StandardEngine    : Starting Servlet engine: [Apache Tomcat/10.1.54]
2026-06-14T18:13:06.005+05:30  INFO 157153 --- [backend] [main] o.a.c.c.C.[Tomcat].[localhost].[/]       : Initializing Spring embedded WebApplicationContext
2026-06-14T18:13:06.005+05:30  INFO 157153 --- [backend] [main] w.s.c.ServletWebServerApplicationContext : Root WebApplicationContext: initialization completed in 1536 ms
2026-06-14T18:13:06.080+05:30  INFO 157153 --- [backend] [main] o.hibernate.jpa.internal.util.LogHelper  : HHH000204: Processing PersistenceUnitInfo [name: default]
2026-06-14T18:13:06.115+05:30  INFO 157153 --- [backend] [main] org.hibernate.Version                    : HHH000412: Hibernate ORM core version 6.6.49.Final
2026-06-14T18:13:06.131+05:30  INFO 157153 --- [backend] [main] o.h.c.internal.RegionFactoryInitiator    : HHH000026: Second-level cache disabled
2026-06-14T18:13:06.275+05:30  INFO 157153 --- [backend] [main] o.s.o.j.p.SpringPersistenceUnitInfo      : No LoadTimeWeaver setup: ignoring JPA class transformer
2026-06-14T18:13:06.290+05:30  INFO 157153 --- [backend] [main] com.zaxxer.hikari.HikariDataSource       : HikariPool-1 - Starting...
2026-06-14T18:13:06.386+05:30  INFO 157153 --- [backend] [main] com.zaxxer.hikari.pool.HikariPool        : HikariPool-1 - Added connection com.mysql.cj.jdbc.ConnectionImpl@77ba583
2026-06-14T18:13:06.388+05:30  INFO 157153 --- [backend] [main] com.zaxxer.hikari.HikariDataSource       : HikariPool-1 - Start completed.
2026-06-14T18:13:06.416+05:30  WARN 157153 --- [backend] [main] org.hibernate.orm.deprecation            : HHH90000025: MySQLDialect does not need to be specified explicitly using 'hibernate.dialect' (remove the property setting and it will be selected by default)
2026-06-14T18:13:06.426+05:30  INFO 157153 --- [backend] [main] org.hibernate.orm.connections.pooling    : HHH10001005: Database info:
	Database JDBC URL [Connecting through datasource 'HikariDataSource (HikariPool-1)']
	Database driver: undefined/unknown
	Database version: 8.0.46
	Autocommit mode: undefined/unknown
	Isolation level: undefined/unknown
	Minimum pool size: undefined/unknown
	Maximum pool size: undefined/unknown
2026-06-14T18:13:06.870+05:30  INFO 157153 --- [backend] [main] o.h.e.t.j.p.i.JtaPlatformInitiator       : HHH000489: No JTA platform available (set 'hibernate.transaction.jta.platform' to enable JTA platform integration)
2026-06-14T18:13:06.924+05:30  INFO 157153 --- [backend] [main] j.LocalContainerEntityManagerFactoryBean : Initialized JPA EntityManagerFactory for persistence unit 'default'
2026-06-14T18:13:07.084+05:30 DEBUG 157153 --- [backend] [main] c.c.backend.security.JwtAuthFilter       : Filter 'jwtAuthFilter' configured for use
2026-06-14T18:13:07.120+05:30  INFO 157153 --- [backend] [main] eAuthenticationProviderManagerConfigurer : Global AuthenticationManager configured with AuthenticationProvider bean with name authenticationProvider
2026-06-14T18:13:07.121+05:30  WARN 157153 --- [backend] [main] r$InitializeUserDetailsManagerConfigurer : Global AuthenticationManager configured with an AuthenticationProvider bean. UserDetailsService beans will not be used by Spring Security for automatically configuring username/password login. Consider removing the AuthenticationProvider bean. Alternatively, consider using the UserDetailsService in a manually instantiated DaoAuthenticationProvider. If the current configuration is intentional, to turn off this warning, increase the logging level of 'org.springframework.security.config.annotation.authentication.configuration.InitializeUserDetailsBeanManagerConfigurer' to ERROR
2026-06-14T18:13:07.188+05:30  WARN 157153 --- [backend] [main] JpaBaseConfiguration$JpaWebConfiguration : spring.jpa.open-in-view is enabled by default. Therefore, database queries may be performed during view rendering. Explicitly configure spring.jpa.open-in-view to disable this warning
2026-06-14T18:13:07.360+05:30 DEBUG 157153 --- [backend] [main] o.s.s.web.DefaultSecurityFilterChain     : Will secure any request with filters: DisableEncodeUrlFilter, WebAsyncManagerIntegrationFilter, SecurityContextHolderFilter, HeaderWriterFilter, LogoutFilter, JwtAuthFilter, RequestCacheAwareFilter, SecurityContextHolderAwareRequestFilter, AnonymousAuthenticationFilter, SessionManagementFilter, ExceptionTranslationFilter, AuthorizationFilter
2026-06-14T18:13:07.550+05:30  INFO 157153 --- [backend] [main] o.s.b.w.embedded.tomcat.TomcatWebServer  : Tomcat started on port 8089 (http) with context path '/'
2026-06-14T18:13:07.558+05:30  INFO 157153 --- [backend] [main] c.carPooling.backend.BackendApplication  : Started BackendApplication in 3.87 seconds (process running for 4.294)
2026-06-14T18:13:10.006+05:30  INFO 157153 --- [backend] [http-nio-8089-exec-2] o.a.c.c.C.[Tomcat].[localhost].[/]       : Initializing Spring DispatcherServlet 'dispatcherServlet'
2026-06-14T18:13:10.006+05:30  INFO 157153 --- [backend] [http-nio-8089-exec-2] o.s.web.servlet.DispatcherServlet        : Initializing Servlet 'dispatcherServlet'
2026-06-14T18:13:10.007+05:30  INFO 157153 --- [backend] [http-nio-8089-exec-2] o.s.web.servlet.DispatcherServlet        : Completed initialization in 1 ms
2026-06-14T18:13:10.018+05:30 DEBUG 157153 --- [backend] [http-nio-8089-exec-2] o.s.security.web.FilterChainProxy        : Securing POST /api/ride/preference
2026-06-14T18:13:10.189+05:30 DEBUG 157153 --- [backend] [http-nio-8089-exec-2] o.s.security.web.FilterChainProxy        : Secured POST /api/ride/preference
2026-06-14T18:13:10.257+05:30 DEBUG 157153 --- [backend] [http-nio-8089-exec-2] c.c.backend.controller.RideController    : Create PReference Response: CreatePreferenceRequest{preference_name='musiclover'}
2026-06-14T18:13:10.261+05:30 DEBUG 157153 --- [backend] [http-nio-8089-exec-2] c.c.b.service.impl.RideServiceImpl       : Create preferedne request CreatePreferenceRequest{preference_name='musiclover'}
2026-06-14T18:13:10.314+05:30 DEBUG 157153 --- [backend] [http-nio-8089-exec-2] c.c.backend.controller.RideController    : Preference added succesfully : 1. Response: musiclover
2026-06-14T18:13:52.697+05:30  INFO 157153 --- [backend] [SpringApplicationShutdownHook] o.s.b.w.e.tomcat.GracefulShutdown        : Commencing graceful shutdown. Waiting for active requests to complete
2026-06-14T18:13:52.700+05:30  INFO 157153 --- [backend] [tomcat-shutdown] o.s.b.w.e.tomcat.GracefulShutdown        : Graceful shutdown complete
2026-06-14T18:13:52.706+05:30  INFO 157153 --- [backend] [SpringApplicationShutdownHook] j.LocalContainerEntityManagerFactoryBean : Closing JPA EntityManagerFactory for persistence unit 'default'
2026-06-14T18:13:52.709+05:30  INFO 157153 --- [backend] [SpringApplicationShutdownHook] com.zaxxer.hikari.HikariDataSource       : HikariPool-1 - Shutdown initiated...
2026-06-14T18:13:52.716+05:30  INFO 157153 --- [backend] [SpringApplicationShutdownHook] com.zaxxer.hikari.HikariDataSource       : HikariPool-1 - Shutdown completed.
2026-06-14T18:13:56.332+05:30  INFO 158375 --- [backend] [main] c.carPooling.backend.BackendApplication  : Starting BackendApplication using Java 17.0.15 with PID 158375 (/home/shivanshkumar/projects/backend/backend/target/classes started by shivanshkumar in /home/shivanshkumar/projects/backend/backend)
2026-06-14T18:13:56.334+05:30 DEBUG 158375 --- [backend] [main] c.carPooling.backend.BackendApplication  : Running with Spring Boot v3.5.14, Spring v6.2.18
2026-06-14T18:13:56.335+05:30  INFO 158375 --- [backend] [main] c.carPooling.backend.BackendApplication  : No active profile set, falling back to 1 default profile: "default"
2026-06-14T18:13:56.800+05:30  INFO 158375 --- [backend] [main] .s.d.r.c.RepositoryConfigurationDelegate : Bootstrapping Spring Data JPA repositories in DEFAULT mode.
2026-06-14T18:13:56.851+05:30  INFO 158375 --- [backend] [main] .s.d.r.c.RepositoryConfigurationDelegate : Finished Spring Data repository scanning in 46 ms. Found 3 JPA repository interfaces.
2026-06-14T18:13:57.295+05:30  INFO 158375 --- [backend] [main] o.s.b.w.embedded.tomcat.TomcatWebServer  : Tomcat initialized with port 8089 (http)
2026-06-14T18:13:57.305+05:30  INFO 158375 --- [backend] [main] o.apache.catalina.core.StandardService   : Starting service [Tomcat]
2026-06-14T18:13:57.306+05:30  INFO 158375 --- [backend] [main] o.apache.catalina.core.StandardEngine    : Starting Servlet engine: [Apache Tomcat/10.1.54]
2026-06-14T18:13:57.337+05:30  INFO 158375 --- [backend] [main] o.a.c.c.C.[Tomcat].[localhost].[/]       : Initializing Spring embedded WebApplicationContext
2026-06-14T18:13:57.338+05:30  INFO 158375 --- [backend] [main] w.s.c.ServletWebServerApplicationContext : Root WebApplicationContext: initialization completed in 962 ms
2026-06-14T18:13:57.410+05:30  INFO 158375 --- [backend] [main] o.hibernate.jpa.internal.util.LogHelper  : HHH000204: Processing PersistenceUnitInfo [name: default]
2026-06-14T18:13:57.446+05:30  INFO 158375 --- [backend] [main] org.hibernate.Version                    : HHH000412: Hibernate ORM core version 6.6.49.Final
2026-06-14T18:13:57.462+05:30  INFO 158375 --- [backend] [main] o.h.c.internal.RegionFactoryInitiator    : HHH000026: Second-level cache disabled
2026-06-14T18:13:57.593+05:30  INFO 158375 --- [backend] [main] o.s.o.j.p.SpringPersistenceUnitInfo      : No LoadTimeWeaver setup: ignoring JPA class transformer
2026-06-14T18:13:57.608+05:30  INFO 158375 --- [backend] [main] com.zaxxer.hikari.HikariDataSource       : HikariPool-1 - Starting...
2026-06-14T18:13:57.708+05:30  INFO 158375 --- [backend] [main] com.zaxxer.hikari.pool.HikariPool        : HikariPool-1 - Added connection com.mysql.cj.jdbc.ConnectionImpl@6851b296
2026-06-14T18:13:57.709+05:30  INFO 158375 --- [backend] [main] com.zaxxer.hikari.HikariDataSource       : HikariPool-1 - Start completed.
2026-06-14T18:13:57.734+05:30  WARN 158375 --- [backend] [main] org.hibernate.orm.deprecation            : HHH90000025: MySQLDialect does not need to be specified explicitly using 'hibernate.dialect' (remove the property setting and it will be selected by default)
2026-06-14T18:13:57.744+05:30  INFO 158375 --- [backend] [main] org.hibernate.orm.connections.pooling    : HHH10001005: Database info:
	Database JDBC URL [Connecting through datasource 'HikariDataSource (HikariPool-1)']
	Database driver: undefined/unknown
	Database version: 8.0.46
	Autocommit mode: undefined/unknown
	Isolation level: undefined/unknown
	Minimum pool size: undefined/unknown
	Maximum pool size: undefined/unknown
2026-06-14T18:13:58.207+05:30  INFO 158375 --- [backend] [main] o.h.e.t.j.p.i.JtaPlatformInitiator       : HHH000489: No JTA platform available (set 'hibernate.transaction.jta.platform' to enable JTA platform integration)
2026-06-14T18:13:58.259+05:30  INFO 158375 --- [backend] [main] j.LocalContainerEntityManagerFactoryBean : Initialized JPA EntityManagerFactory for persistence unit 'default'
2026-06-14T18:13:58.408+05:30 DEBUG 158375 --- [backend] [main] c.c.backend.security.JwtAuthFilter       : Filter 'jwtAuthFilter' configured for use
2026-06-14T18:13:58.445+05:30  INFO 158375 --- [backend] [main] eAuthenticationProviderManagerConfigurer : Global AuthenticationManager configured with AuthenticationProvider bean with name authenticationProvider
2026-06-14T18:13:58.446+05:30  WARN 158375 --- [backend] [main] r$InitializeUserDetailsManagerConfigurer : Global AuthenticationManager configured with an AuthenticationProvider bean. UserDetailsService beans will not be used by Spring Security for automatically configuring username/password login. Consider removing the AuthenticationProvider bean. Alternatively, consider using the UserDetailsService in a manually instantiated DaoAuthenticationProvider. If the current configuration is intentional, to turn off this warning, increase the logging level of 'org.springframework.security.config.annotation.authentication.configuration.InitializeUserDetailsBeanManagerConfigurer' to ERROR
2026-06-14T18:13:58.512+05:30  WARN 158375 --- [backend] [main] JpaBaseConfiguration$JpaWebConfiguration : spring.jpa.open-in-view is enabled by default. Therefore, database queries may be performed during view rendering. Explicitly configure spring.jpa.open-in-view to disable this warning
2026-06-14T18:13:58.675+05:30 DEBUG 158375 --- [backend] [main] o.s.s.web.DefaultSecurityFilterChain     : Will secure any request with filters: DisableEncodeUrlFilter, WebAsyncManagerIntegrationFilter, SecurityContextHolderFilter, HeaderWriterFilter, LogoutFilter, JwtAuthFilter, RequestCacheAwareFilter, SecurityContextHolderAwareRequestFilter, AnonymousAuthenticationFilter, SessionManagementFilter, ExceptionTranslationFilter, AuthorizationFilter
2026-06-14T18:13:58.792+05:30  INFO 158375 --- [backend] [main] o.s.b.w.embedded.tomcat.TomcatWebServer  : Tomcat started on port 8089 (http) with context path '/'
2026-06-14T18:13:58.799+05:30  INFO 158375 --- [backend] [main] c.carPooling.backend.BackendApplication  : Started BackendApplication in 2.984 seconds (process running for 3.344)
2026-06-14T18:14:02.134+05:30  INFO 158375 --- [backend] [http-nio-8089-exec-2] o.a.c.c.C.[Tomcat].[localhost].[/]       : Initializing Spring DispatcherServlet 'dispatcherServlet'
2026-06-14T18:14:02.134+05:30  INFO 158375 --- [backend] [http-nio-8089-exec-2] o.s.web.servlet.DispatcherServlet        : Initializing Servlet 'dispatcherServlet'
2026-06-14T18:14:02.136+05:30  INFO 158375 --- [backend] [http-nio-8089-exec-2] o.s.web.servlet.DispatcherServlet        : Completed initialization in 2 ms
2026-06-14T18:14:02.162+05:30 DEBUG 158375 --- [backend] [http-nio-8089-exec-2] o.s.security.web.FilterChainProxy        : Securing POST /api/ride/preference
2026-06-14T18:14:02.467+05:30 DEBUG 158375 --- [backend] [http-nio-8089-exec-2] o.s.security.web.FilterChainProxy        : Secured POST /api/ride/preference
2026-06-14T18:14:02.568+05:30 DEBUG 158375 --- [backend] [http-nio-8089-exec-2] c.c.backend.controller.RideController    : Create PReference Response: CreatePreferenceRequest{preference_name='musiclover'}
2026-06-14T18:14:02.573+05:30 DEBUG 158375 --- [backend] [http-nio-8089-exec-2] c.c.b.service.impl.RideServiceImpl       : Create preferedne request CreatePreferenceRequest{preference_name='musiclover'}
2026-06-14T18:14:19.223+05:30 DEBUG 158375 --- [backend] [http-nio-8089-exec-3] o.s.security.web.FilterChainProxy        : Securing POST /api/ride/preference
2026-06-14T18:14:19.235+05:30 DEBUG 158375 --- [backend] [http-nio-8089-exec-3] o.s.security.web.FilterChainProxy        : Secured POST /api/ride/preference
2026-06-14T18:14:19.237+05:30 DEBUG 158375 --- [backend] [http-nio-8089-exec-3] c.c.backend.controller.RideController    : Create PReference Response: CreatePreferenceRequest{preference_name='AC car'}
2026-06-14T18:14:19.242+05:30 DEBUG 158375 --- [backend] [http-nio-8089-exec-3] c.c.b.service.impl.RideServiceImpl       : Create preferedne request CreatePreferenceRequest{preference_name='AC car'}
2026-06-14T18:14:19.323+05:30 DEBUG 158375 --- [backend] [http-nio-8089-exec-3] c.c.backend.controller.RideController    : Preference added succesfully : 2. Response: AC car
